dotnet.exe : Unhandled exception. Robust.Shared.Utility.DebugAssertException: Datafields should not be static
At line:1 char:1
+ & dotnet run --project 'f:\\Floofdev\\HardLight\\Content.YAMLLinter\\ ...
+ ~~~~~~~~~~~~~~~~~~~~~~~~~~~~~~~~~~~~~~~~~~~~~~~~~~~~~~~~~~~~~~~~~~~~~
    + CategoryInfo          : NotSpecified: (Unhandled excep...d not be static:String) [], RemoteException
    + FullyQualifiedErrorId : NativeCommandError
 
   at Robust.Shared.Utility.DebugTools.Assert(Boolean condition, String message) in F:\Floofdev\HardLight\RobustToolbox\Robust.Shared\Utility\DebugTools.cs:line 196
   at Robust.Shared.Prototypes.PrototypeManager.ValidateStaticField(FieldInfo field, Type type, List`1 errors, Dictionary`2 prototypes) in 
F:\Floofdev\HardLight\RobustToolbox\Robust.Shared\Prototypes\PrototypeManager.ValidateFields.cs:line 66
   at Robust.Shared.Prototypes.PrototypeManager.ValidateStaticFieldsInternal(Type type, List`1 errors, Dictionary`2 prototypes) in 
F:\Floofdev\HardLight\RobustToolbox\Robust.Shared\Prototypes\PrototypeManager.ValidateFields.cs:line 51
   at Robust.Shared.Prototypes.PrototypeManager.ValidateStaticFields(Dictionary`2 prototypes) in 
F:\Floofdev\HardLight\RobustToolbox\Robust.Shared\Prototypes\PrototypeManager.ValidateFields.cs:line 24
   at Content.YAMLLinter.Program.<>c__DisplayClass3_0.<ValidateInstance>b__0() in F:\Floofdev\HardLight\Content.YAMLLinter\Program.cs:line 102
   at Robust.UnitTesting.RobustIntegrationTest.IntegrationGameLoop.SingleThreadRunUntilEmpty() in 
F:\Floofdev\HardLight\RobustToolbox\Robust.UnitTesting\RobustIntegrationTest.cs:line 1157
   at Robust.UnitTesting.RobustIntegrationTest.IntegrationGameLoop.Run() in F:\Floofdev\HardLight\RobustToolbox\Robust.UnitTesting\RobustIntegrationTest.cs:line 1121
   at Robust.UnitTesting.RobustIntegrationTest.ServerIntegrationInstance._serverMain() in F:\Floofdev\HardLight\RobustToolbox\Robust.UnitTesting\RobustIntegrationTest.cs:line 
693
--- End of stack trace from previous location ---
   at Robust.UnitTesting.RobustIntegrationTest.IntegrationInstance.WaitIdleImplAsync(Boolean throwOnUnhandled, CancellationToken cancellationToken) in 
F:\Floofdev\HardLight\RobustToolbox\Robust.UnitTesting\RobustIntegrationTest.cs:line 486
   at Robust.UnitTesting.RobustIntegrationTest.IntegrationInstance.WaitPost(Action post) in 
F:\Floofdev\HardLight\RobustToolbox\Robust.UnitTesting\RobustIntegrationTest.cs:line 609
   at Content.YAMLLinter.Program.ValidateInstance(IntegrationInstance instance) in F:\Floofdev\HardLight\Content.YAMLLinter\Program.cs:line 80
   at Content.YAMLLinter.Program.ValidateServer() in F:\Floofdev\HardLight\Content.YAMLLinter\Program.cs:line 68
   at Content.YAMLLinter.Program.ValidateServer() in F:\Floofdev\HardLight\Content.YAMLLinter\Program.cs:line 70
   at Content.YAMLLinter.Program.RunValidation() in F:\Floofdev\HardLight\Content.YAMLLinter\Program.cs:line 117
   at Content.YAMLLinter.Program.Main(String[] _) in F:\Floofdev\HardLight\Content.YAMLLinter\Program.cs:line 24
   at Content.YAMLLinter.Program.<Main>(String[] _)
